// Jest Snapshot v1, https://goo.gl/fbAQLP

exports[`render 'Typography' element 1`] = `
Array [
  .c1 {
  border: none;
  box-shadow: 1px 1px 3px black;
  padding: 5px 20px;
  background: linear-gradient(0.25turn,#FF5733,#FD9883);
}

.c0 {
  font-size: 42px;
  font-weight: bold;
  color: black;
}

<main>
    <text
      className="c0"
    >
      Welcome
    </text>
    <button
      className="c1"
    >
      <text
        className="c0"
      >
        text
      </text>
    </button>
  </main>,
]
`;
